// Jest Snapshot v1, https://goo.gl/fbAQLP

exports[`renders correctly with defaults 1`] = `
<View
  style={
    Object {
      "alignItems": "center",
      "backgroundColor": "#FFF",
      "flex": 1,
      "justifyContent": "center",
    }
  }
>
  <Text
    accessible={true}
    allowFontScaling={true}
    ellipsizeMode="tail"
  >
    Open up App.js to start working on your app usign Typescript and Jest!
  </Text>
</View>
`;
