// Jest Snapshot v1, https://goo.gl/fbAQLP

exports[`renders correctly with defaults 1`] = `
<Image
  source="./images/arrow.png"
/>
`;
